     1                                  %include "st_io.inc"
     1                              <1> ;; File stud_io.inc for Linux O.S.
     2                              <1> ;; Copyright (c) Andrey Vikt. Stolyarov, 2009.
     3                              <1> ;; I, the author, hereby grant everyone the right to use this
     4                              <1> ;; file for any purpose, in any manner, in it's original or
     5                              <1> ;; modified form, provided that any modified versions are
     6                              <1> ;; clearly marked as such.
     7                              <1> ;; file changed, macros added (by Divari I.N.,
     8                              <1> ;; Department of computer science, MIPT, 2019-2020) 
     9                              <1> 
    10                              <1> ;;;;;;;;;;;;;;;;;;;;;;;;;;;;;;;;;;;;;;;;;;;;;;;;;;;;;;;;;;;;;;;;;
    11                              <1> ;; system dependend part
    12                              <1> 
    13                              <1> ; generic 3-param syscall
    14                              <1> %macro _syscall_3 4
    15                              <1> 	push edx
    16                              <1> 	push ecx
    17                              <1> 	push ebx ; it is senseless to save eax as it holds the return
    18                              <1> 	push %1
    19                              <1> 	push %2
    20                              <1> 	push %3
    21                              <1> 	push %4
    22                              <1> 	pop edx
    23                              <1> 	pop ecx
    24                              <1> 	pop ebx
    25                              <1> 	pop eax 
    26                              <1> 	int 0x80
    27                              <1> 	pop ebx
    28                              <1> 	pop ecx
    29                              <1> 	pop edx
    30                              <1> %endmacro
    31                              <1> 
    32                              <1> ; syscall_exit is the only syscall we use that has 1 parameter
    33                              <1> %macro _syscall_exit 1
    34                              <1> 	mov ebx, %1	; exit code
    35                              <1> 	mov eax, 1	; 1 = sys_exit
    36                              <1> 	int 0x80
    37                              <1> %endmacro
    38                              <1> 
    39                              <1> ;; system dependent part ends here
    40                              <1> ;;;;;;;;;;;;;;;;;;;;;;;;;;;;;;;;;;;;;;;;;;;;;;;;;;;;;;;;;;;;;;;;;
    41                              <1> 
    42                              <1> ; %1: descriptor   %2: buffer addr   %3: buffer length 
    43                              <1> ; output: eax: read bytes
    44                              <1> %macro _syscall_read 3
    45                              <1> 	_syscall_3 3,%1,%2,%3
    46                              <1> %endmacro
    47                              <1> 
    48                              <1> ; %1: descriptor   %2: buffer addr   %3: buffer length 
    49                              <1> ; output: eax: written bytes
    50                              <1> %macro _syscall_write 3
    51                              <1> 	_syscall_3 4,%1,%2,%3
    52                              <1> %endmacro
    53                              <1> 
    54                              <1> ;;;;;;;;;;;;;;;;;;;;;;;;;;;;;;;;;;
    55                              <1> %macro 	PRINT 1
    56                              <1> 	pusha
    57                              <1> 	pushf
    58                              <1> 	jmp %%astr
    59                              <1> %%str	db	%1, 0
    60                              <1> %%strln	equ	$-%%str
    61                              <1> %%astr:	_syscall_write 1, %%str, %%strln
    62                              <1> 	popf
    63                              <1> 	popa
    64                              <1> %endmacro
    65                              <1> 
    66                              <1> ;;;;;;;;;;;;;;;;;;;;;;;;;;;;;;;;;;
    67                              <1> %macro	PUTCHAR 1
    68                              <1> 	pusha
    69                              <1> 	pushf
    70                              <1> %ifstr %1
    71                              <1> 	mov	al, %1
    72                              <1> %elifnum %1
    73                              <1> 	mov	al, %1
    74                              <1> %elifidni %1,al
    75                              <1> 	nop
    76                              <1> %elifidni %1,ah
    77                              <1> 	mov	al, ah
    78                              <1> %elifidni %1,bl
    79                              <1> 	mov	al, bl
    80                              <1> %elifidni %1,bh
    81                              <1> 	mov	al, bh
    82                              <1> %elifidni %1,cl
    83                              <1> 	mov	al, cl
    84                              <1> %elifidni %1,ch
    85                              <1> 	mov	al, ch
    86                              <1> %elifidni %1,dl
    87                              <1> 	mov	al, dl
    88                              <1> %elifidni %1,dh
    89                              <1> 	mov	al, dh
    90                              <1> %else
    91                              <1> 	mov	al, %1  ; let's hope it is a memory location such as [var]
    92                              <1> %endif
    93                              <1> 	sub	esp, 2  ; reserve memory for buffer
    94                              <1> 	mov	edi, esp
    95                              <1> 	mov	[edi], al
    96                              <1> 	_syscall_write 1, edi, 1
    97                              <1> 	add	esp, 2
    98                              <1> 	popf
    99                              <1> 	popa
   100                              <1> %endmacro
   101                              <1> 
   102                              <1> ;;;;;;;;;;;;;;;;;;;;;;;;;;;;;;;;;;
   103                              <1> %macro	GETCHAR 0
   104                              <1> 	pushf
   105                              <1> 	push	edi
   106                              <1> 	sub	esp, 2
   107                              <1> 	mov	edi, esp
   108                              <1> 	_syscall_read 0, edi, 1
   109                              <1> 	cmp	eax, 1
   110                              <1> 	jne	%%eof_reached
   111                              <1> 	xor	eax,eax
   112                              <1> 	mov	al, [edi]
   113                              <1> 	jmp	%%gcquit
   114                              <1> %%eof_reached:
   115                              <1> 	xor	eax, eax
   116                              <1> 	not	eax 		; eax := -1
   117                              <1> %%gcquit:
   118                              <1> 	add	esp, 2
   119                              <1> 	pop	edi
   120                              <1> 	popf
   121                              <1> %endmacro
   122                              <1> 
   123                              <1> ;;;;;;;;;;;;;;;;;;;;;;;;;;;;;;;;;;
   124                              <1> %macro FINISH 0-1 0
   125                              <1> 	_syscall_exit %1
   126                              <1> %endmacro
   127                              <1> ;;;;;;;;;;;;;;;;;;;;;;;;;;;;;;;;;
   128                              <1> %macro UNSINT 1
   129                              <1> pusha
   130                              <1> pushf
   131                              <1> push dword %1
   132                              <1> pop eax
   133                              <1> mov edi,eax
   134                              <1> mov esi,10
   135                              <1>   xor ebx,ebx
   136                              <1> %%m1:
   137                              <1>    xor edx,edx
   138                              <1>    div esi
   139                              <1>    inc ebx
   140                              <1>    cmp eax,0
   141                              <1>    jne %%m1
   142                              <1>     
   143                              <1>    mov eax,1
   144                              <1>    mov ecx,ebx
   145                              <1>    dec ecx
   146                              <1> ;;;;;;;;;;;;;;;;;;;;;;;;;;;;;;
   147                              <1>     cmp ecx,0
   148                              <1>      je %%m4
   149                              <1> %%m2:  mul esi
   150                              <1>        loop %%m2
   151                              <1> 
   152                              <1>        mov ebx,eax
   153                              <1> 
   154                              <1> %%m3:       
   155                              <1>       mov eax,edi 
   156                              <1>       xor edx,edx 
   157                              <1>       div ebx
   158                              <1>       add al,'0'
   159                              <1>       PUTCHAR al
   160                              <1>       mov edi,edx
   161                              <1>       xor edx,edx
   162                              <1>       mov eax,ebx
   163                              <1>       div esi
   164                              <1>       cmp eax,1
   165                              <1>       je %%m4
   166                              <1>       mov ebx,eax
   167                              <1>       jmp %%m3
   168                              <1>  %%m4:      
   169                              <1>       mov edx,edi
   170                              <1>       add dl,'0'
   171                              <1>       PUTCHAR dl
   172                              <1>        
   173                              <1>   
   174                              <1> popf
   175                              <1> popa
   176                              <1> %endmacro
   177                              <1> ;;;;;;;;;;;;;;;;;;;;;;;;;;;;;;;;
   178                              <1> %macro SIGNINT 1
   179                              <1> pusha
   180                              <1> pushf
   181                              <1> push dword %1
   182                              <1> pop eax
   183                              <1>     cmp eax,0
   184                              <1>     jge %%m5
   185                              <1>     PUTCHAR '-'
   186                              <1>     neg eax
   187                              <1> %%m5:
   188                              <1>       UNSINT eax
   189                              <1> popf
   190                              <1> popa
   191                              <1> %endmacro
   192                              <1> ;;;;;;;;;;;;;;;;;;;;;;;;;;;;;;;;;;;;;;;;;;;;
   193                              <1> %macro GETUN 1
   194                              <1> pushad
   195                              <1> pushfd
   196                              <1> ;;;;;;;;;;;;;;;;;;;;;;
   197                              <1> xor edi,edi
   198                              <1> xor esi,esi
   199                              <1> %%m1:
   200                              <1> GETCHAR
   201                              <1> cmp al,0xA
   202                              <1> je %%m2
   203                              <1> cmp al,'0'
   204                              <1> jb %%m_err
   205                              <1> cmp al,'9'
   206                              <1> ja %%m_err
   207                              <1> inc edi
   208                              <1> xor ecx,ecx
   209                              <1> mov cl,al
   210                              <1> mov eax,esi
   211                              <1> mov ebx,10
   212                              <1> mul ebx
   213                              <1> sub cl,48
   214                              <1> add eax,ecx
   215                              <1> jc %%m3
   216                              <1> mov esi,eax
   217                              <1> jmp %%m1
   218                              <1> %%m2: 
   219                              <1> cmp edi,0
   220                              <1> je %%m1
   221                              <1> jmp %%m4
   222                              <1> %%m3: PRINT "too big number"
   223                              <1> PUTCHAR 10
   224                              <1> jmp %%m4
   225                              <1> %%m_err: PRINT "ERROR!!!"
   226                              <1> PUTCHAR 0xa
   227                              <1> %%m4:
   228                              <1> ;;;;;;;;;;;;;;;;;;
   229                              <1> push esi
   230                              <1> add esp,4
   231                              <1> popfd
   232                              <1> popad
   233                              <1> sub esp,40
   234                              <1> pop dword %1
   235                              <1> add esp,36
   236                              <1> %endmacro
   237                              <1> ;;;;;;;;;;;;;;;;;;;;;;;;;;;;;;;;;;;;;;;;;;;;
   238                              <1> %macro GETSIG 1
   239                              <1> pushad
   240                              <1> pushfd
   241                              <1> ;;;;;;;;;;;;;;;;;;;;;;;;;;;;;;;;;
   242                              <1> xor edi,edi
   243                              <1> xor esi,esi
   244                              <1> mov ebx,10
   245                              <1> %%m_st1: GETCHAR
   246                              <1> cmp al,0xa
   247                              <1> je %%m_st1
   248                              <1> cmp al,'-'
   249                              <1> jne %%s1
   250                              <1> mov ebx,-10
   251                              <1> push ebx
   252                              <1> GETCHAR
   253                              <1> cmp al,0xa
   254                              <1> je %%m_err
   255                              <1> jmp %%m_st21
   256                              <1> %%s1: push ebx 
   257                              <1> cmp al,'+'
   258                              <1> jne %%m_st21
   259                              <1> GETCHAR 
   260                              <1> cmp al,0xa
   261                              <1> je %%m_err
   262                              <1> jmp %%m_st21
   263                              <1> %%m_st2: GETCHAR
   264                              <1> %%m_st21:  cmp al,0xa
   265                              <1> je %%pr_end
   266                              <1> cmp al,'0'
   267                              <1> jb %%m_err
   268                              <1> cmp al,'9'
   269                              <1> ja %%m_err
   270                              <1> inc edi
   271                              <1> xor ecx,ecx
   272                              <1> mov cl,al
   273                              <1> mov eax,esi
   274                              <1> imul ebx
   275                              <1> sub cl,48
   276                              <1> cmp dword[esp],-10
   277                              <1> je %%j_s
   278                              <1> add eax,ecx
   279                              <1> jmp %%j_per
   280                              <1> %%j_s: sub eax,ecx
   281                              <1> %%j_per: jo %%m_b
   282                              <1> mov esi,eax
   283                              <1> cmp dword[esp],-10
   284                              <1> jne %%m_st2
   285                              <1> neg esi
   286                              <1> jmp %%m_st2
   287                              <1> %%pr_end:  cmp edi,0
   288                              <1> je %%m_st2
   289                              <1> jmp %%m_k
   290                              <1> ;;;;;;;;;
   291                              <1> %%m_err: pop ebx 
   292                              <1> PRINT "ERROR"
   293                              <1> PUTCHAR 0xa
   294                              <1> jmp %%m_end
   295                              <1> %%m_b: pop ebx 
   296                              <1> cmp ebx,-10
   297                              <1> je  %%m_l
   298                              <1> PRINT "too big"
   299                              <1> PUTCHAR 0xa
   300                              <1> jmp %%m_end
   301                              <1> %%m_l: PRINT "too less"
   302                              <1> PUTCHAR 0xa
   303                              <1> jmp %%m_end
   304                              <1> %%m_k: pop ebx
   305                              <1> cmp ebx,-10
   306                              <1> jne %%m_p
   307                              <1> neg esi 
   308                              <1> %%m_p: 
   309                              <1> 
   310                              <1> ;;;;;;;;;;;;;;;;;;;;;;;;;;;;;;;;;
   311                              <1> 
   312                              <1> push esi
   313                              <1> add esp,4
   314                              <1> popfd
   315                              <1> popad
   316                              <1> sub esp,40
   317                              <1> pop dword %1
   318                              <1> add esp,36
   319                              <1> jmp %%mm_e
   320                              <1> %%m_end:
   321                              <1> popfd
   322                              <1> popad
   323                              <1> %%mm_e:
   324                              <1> %endmacro
   325                              <1> 
   326                              <1> 
   327                              <1> 
   328                              <1> 
     2                                  global _start
     3                                  section .data
     4 00000000 010002000300040005-     mas dw 1,2, 3, 4, 5
     4 00000009 00                 
     5                                  
     6                                  section .text
     7                                  _start:
     8 00000000 B905000000              mov ecx,5
     9 00000005 B800000000              mov eax, 0
    10                                  l:
    11 0000000A 66FFB400[FEFFFFFF]      	PUSH word[mas+eax*2-2]
    12 00000012 40                      	inc eax
    13 00000013 E2F5                    loop l
    14                                  
    15 00000015 89E5                    	mov ebp,esp
    16 00000017 8B5502                  	mov edx, [ebp+2]
    17 0000001A 8B4506                  	mov eax, [ebp+6]
    18 0000001D 895506                  	mov [ebp+6], edx
    19 00000020 894502                  	mov [ebp+2], eax
    20 00000023 B905000000              mov ecx,5
    21 00000028 B805000000              mov eax,5
    22                                  
    23                                  l1:
    24 0000002D 668F8400[FEFFFFFF]      	POP word[mas+eax*2-2]
    25 00000035 48                      	dec eax
    26 00000036 E2F5                    loop l1
    27                                  
    28 00000038 B905000000              mov ecx, 5
    29 0000003D B800000000              mov eax, 0
    30                                  
    31                                  l2:
    32 00000042 BB00000000              	mov ebx, 0
    33 00000047 8B9C00[FEFFFFFF]        	mov ebx, dword[mas+eax*2-2]
    34                                  	UNSINT ebx
    34 0000004E 60                  <1> pusha
    34 0000004F 9C                  <1> pushf
    34 00000050 53                  <1> push dword %1
    34 00000051 58                  <1> pop eax
    34 00000052 89C7                <1> mov edi,eax
    34 00000054 BE0A000000          <1> mov esi,10
    34 00000059 31DB                <1>  xor ebx,ebx
    34                              <1> %%m1:
    34 0000005B 31D2                <1>  xor edx,edx
    34 0000005D F7F6                <1>  div esi
    34 0000005F 43                  <1>  inc ebx
    34 00000060 83F800              <1>  cmp eax,0
    34 00000063 75F6                <1>  jne %%m1
    34                              <1> 
    34 00000065 B801000000          <1>  mov eax,1
    34 0000006A 89D9                <1>  mov ecx,ebx
    34 0000006C 49                  <1>  dec ecx
    34                              <1> 
    34 0000006D 83F900              <1>  cmp ecx,0
    34 00000070 7441                <1>  je %%m4
    34 00000072 F7E6                <1> %%m2: mul esi
    34 00000074 E2FC                <1>  loop %%m2
    34                              <1> 
    34 00000076 89C3                <1>  mov ebx,eax
    34                              <1> 
    34                              <1> %%m3:
    34 00000078 89F8                <1>  mov eax,edi
    34 0000007A 31D2                <1>  xor edx,edx
    34 0000007C F7F3                <1>  div ebx
    34 0000007E 0430                <1>  add al,'0'
    34                              <1>  PUTCHAR al
    34 00000080 60                  <2>  pusha
    34 00000081 9C                  <2>  pushf
    34                              <2> %ifstr %1
    34                              <2>  mov al, %1
    34                              <2> %elifnum %1
    34                              <2>  mov al, %1
    34                              <2> %elifidni %1,al
    34 00000082 90                  <2>  nop
    34                              <2> %elifidni %1,ah
    34                              <2>  mov al, ah
    34                              <2> %elifidni %1,bl
    34                              <2>  mov al, bl
    34                              <2> %elifidni %1,bh
    34                              <2>  mov al, bh
    34                              <2> %elifidni %1,cl
    34                              <2>  mov al, cl
    34                              <2> %elifidni %1,ch
    34                              <2>  mov al, ch
    34                              <2> %elifidni %1,dl
    34                              <2>  mov al, dl
    34                              <2> %elifidni %1,dh
    34                              <2>  mov al, dh
    34                              <2> %else
    34                              <2>  mov al, %1
    34                              <2> %endif
    34 00000083 83EC02              <2>  sub esp, 2
    34 00000086 89E7                <2>  mov edi, esp
    34 00000088 8807                <2>  mov [edi], al
    34                              <2>  _syscall_write 1, edi, 1
    34                              <3>  _syscall_3 4,%1,%2,%3
    34 0000008A 52                  <4>  push edx
    34 0000008B 51                  <4>  push ecx
    34 0000008C 53                  <4>  push ebx
    34 0000008D 6A04                <4>  push %1
    34 0000008F 6A01                <4>  push %2
    34 00000091 57                  <4>  push %3
    34 00000092 6A01                <4>  push %4
    34 00000094 5A                  <4>  pop edx
    34 00000095 59                  <4>  pop ecx
    34 00000096 5B                  <4>  pop ebx
    34 00000097 58                  <4>  pop eax
    34 00000098 CD80                <4>  int 0x80
    34 0000009A 5B                  <4>  pop ebx
    34 0000009B 59                  <4>  pop ecx
    34 0000009C 5A                  <4>  pop edx
    34 0000009D 83C402              <2>  add esp, 2
    34 000000A0 9D                  <2>  popf
    34 000000A1 61                  <2>  popa
    34 000000A2 89D7                <1>  mov edi,edx
    34 000000A4 31D2                <1>  xor edx,edx
    34 000000A6 89D8                <1>  mov eax,ebx
    34 000000A8 F7F6                <1>  div esi
    34 000000AA 83F801              <1>  cmp eax,1
    34 000000AD 7404                <1>  je %%m4
    34 000000AF 89C3                <1>  mov ebx,eax
    34 000000B1 EBC5                <1>  jmp %%m3
    34                              <1>  %%m4:
    34 000000B3 89FA                <1>  mov edx,edi
    34 000000B5 80C230              <1>  add dl,'0'
    34                              <1>  PUTCHAR dl
    34 000000B8 60                  <2>  pusha
    34 000000B9 9C                  <2>  pushf
    34                              <2> %ifstr %1
    34                              <2>  mov al, %1
    34                              <2> %elifnum %1
    34                              <2>  mov al, %1
    34                              <2> %elifidni %1,al
    34                              <2>  nop
    34                              <2> %elifidni %1,ah
    34                              <2>  mov al, ah
    34                              <2> %elifidni %1,bl
    34                              <2>  mov al, bl
    34                              <2> %elifidni %1,bh
    34                              <2>  mov al, bh
    34                              <2> %elifidni %1,cl
    34                              <2>  mov al, cl
    34                              <2> %elifidni %1,ch
    34                              <2>  mov al, ch
    34                              <2> %elifidni %1,dl
    34 000000BA 88D0                <2>  mov al, dl
    34                              <2> %elifidni %1,dh
    34                              <2>  mov al, dh
    34                              <2> %else
    34                              <2>  mov al, %1
    34                              <2> %endif
    34 000000BC 83EC02              <2>  sub esp, 2
    34 000000BF 89E7                <2>  mov edi, esp
    34 000000C1 8807                <2>  mov [edi], al
    34                              <2>  _syscall_write 1, edi, 1
    34                              <3>  _syscall_3 4,%1,%2,%3
    34 000000C3 52                  <4>  push edx
    34 000000C4 51                  <4>  push ecx
    34 000000C5 53                  <4>  push ebx
    34 000000C6 6A04                <4>  push %1
    34 000000C8 6A01                <4>  push %2
    34 000000CA 57                  <4>  push %3
    34 000000CB 6A01                <4>  push %4
    34 000000CD 5A                  <4>  pop edx
    34 000000CE 59                  <4>  pop ecx
    34 000000CF 5B                  <4>  pop ebx
    34 000000D0 58                  <4>  pop eax
    34 000000D1 CD80                <4>  int 0x80
    34 000000D3 5B                  <4>  pop ebx
    34 000000D4 59                  <4>  pop ecx
    34 000000D5 5A                  <4>  pop edx
    34 000000D6 83C402              <2>  add esp, 2
    34 000000D9 9D                  <2>  popf
    34 000000DA 61                  <2>  popa
    34                              <1> 
    34                              <1> 
    34 000000DB 9D                  <1> popf
    34 000000DC 61                  <1> popa
    35 000000DD 40                      	inc eax
    36                                  	PRINT " "
    36 000000DE 60                  <1>  pusha
    36 000000DF 9C                  <1>  pushf
    36 000000E0 EB02                <1>  jmp %%astr
    36 000000E2 2000                <1> %%str db %1, 0
    36                              <1> %%strln equ $-%%str
    36                              <1> %%astr: _syscall_write 1, %%str, %%strln
    36                              <2> ..@10.astr: 
    36                              <2>  _syscall_3 4,%1,%2,%3
    36 000000E4 52                  <3>  push edx
    36 000000E5 51                  <3>  push ecx
    36 000000E6 53                  <3>  push ebx
    36 000000E7 6A04                <3>  push %1
    36 000000E9 6A01                <3>  push %2
    36 000000EB 68[E2000000]        <3>  push %3
    36 000000F0 6A02                <3>  push %4
    36 000000F2 5A                  <3>  pop edx
    36 000000F3 59                  <3>  pop ecx
    36 000000F4 5B                  <3>  pop ebx
    36 000000F5 58                  <3>  pop eax
    36 000000F6 CD80                <3>  int 0x80
    36 000000F8 5B                  <3>  pop ebx
    36 000000F9 59                  <3>  pop ecx
    36 000000FA 5A                  <3>  pop edx
    36 000000FB 9D                  <1>  popf
    36 000000FC 61                  <1>  popa
    37 000000FD 49                      	dec ecx
    38 000000FE 83F900                  cmp ecx, 0
    39 00000101 0F853BFFFFFF            jne l2
    40                                  
    41                                  PUTCHAR 0xa
    41 00000107 60                  <1>  pusha
    41 00000108 9C                  <1>  pushf
    41                              <1> %ifstr %1
    41                              <1>  mov al, %1
    41                              <1> %elifnum %1
    41 00000109 B00A                <1>  mov al, %1
    41                              <1> %elifidni %1,al
    41                              <1>  nop
    41                              <1> %elifidni %1,ah
    41                              <1>  mov al, ah
    41                              <1> %elifidni %1,bl
    41                              <1>  mov al, bl
    41                              <1> %elifidni %1,bh
    41                              <1>  mov al, bh
    41                              <1> %elifidni %1,cl
    41                              <1>  mov al, cl
    41                              <1> %elifidni %1,ch
    41                              <1>  mov al, ch
    41                              <1> %elifidni %1,dl
    41                              <1>  mov al, dl
    41                              <1> %elifidni %1,dh
    41                              <1>  mov al, dh
    41                              <1> %else
    41                              <1>  mov al, %1
    41                              <1> %endif
    41 0000010B 83EC02              <1>  sub esp, 2
    41 0000010E 89E7                <1>  mov edi, esp
    41 00000110 8807                <1>  mov [edi], al
    41                              <1>  _syscall_write 1, edi, 1
    41                              <2>  _syscall_3 4,%1,%2,%3
    41 00000112 52                  <3>  push edx
    41 00000113 51                  <3>  push ecx
    41 00000114 53                  <3>  push ebx
    41 00000115 6A04                <3>  push %1
    41 00000117 6A01                <3>  push %2
    41 00000119 57                  <3>  push %3
    41 0000011A 6A01                <3>  push %4
    41 0000011C 5A                  <3>  pop edx
    41 0000011D 59                  <3>  pop ecx
    41 0000011E 5B                  <3>  pop ebx
    41 0000011F 58                  <3>  pop eax
    41 00000120 CD80                <3>  int 0x80
    41 00000122 5B                  <3>  pop ebx
    41 00000123 59                  <3>  pop ecx
    41 00000124 5A                  <3>  pop edx
    41 00000125 83C402              <1>  add esp, 2
    41 00000128 9D                  <1>  popf
    41 00000129 61                  <1>  popa
    42                                  FINISH
    42                              <1>  _syscall_exit %1
    42 0000012A BB00000000          <2>  mov ebx, %1
    42 0000012F B801000000          <2>  mov eax, 1
    42 00000134 CD80                <2>  int 0x80
